repere.lst

# Liste des configurations requises pour différents outils

#res ========== Configuration réseau avec NETPLAN (attention aux identations)
#res ========== Ici pour un réseau NAT (maquette VMware)
#resnetwork:
#res  version: 2
#res  renderer: networkd
#res  ethernets:
#res      ens33:
#res          dhcp4: no
#res          addresses:
#res              - 192.168.80.?/24
#res          nameservers:
#res              addresses:
#res                  - 192.168.80.2

#dfrvpx ========== defaultrvpx
#dfrvpx ========== /sites-available/default (RVPX [...102])
#dfrvpx        server_name rp.test.fv;
#dfrvpx        location / {
#dfrvpx                 # First attempt to serve request as file, then
#dfrvpx                 # as directory, then fall back to displaying a 404.
#dfrvpx                try_files \$uri \$uri/ =404;
#dfrvpx        }"
#dfrvpx        location / {
#dfrvpx                proxy_pass http://192.168.80.139:80;
#dfrvpx                proxy_set_header Host \$host;
#dfrvpx                proxy_set_header X-Real-IP \$remote_addr;
#dfrvpx                proxy_set_header X-Forwarded-For \$proxy_add_x_forwarded_for;
#dfrvpx                proxy_set_header X-Forwarded-Proto \$scheme;
#dfrvpx        }"

#vhssprod ========== virtualHost (SS-SSL PROD)
#vhssprod <VirtualHost *:443>
#vhssprod     ServerAdmin webmaster@localhost
#vhssprod     ServerName 192.168.80.139  # ou prod.local
#vhssprod 
#vhssprod     DocumentRoot /var/www/html
#vhssprod 
#vhssprod     SSLEngine on
#vhssprod     SSLCertificateFile    /etc/ssl/prod/prod.crt
#vhssprod     SSLCertificateKeyFile /etc/ssl/prod/prod.key
#vhssprod 
#vhssprod     <Directory /var/www/html>
#vhssprod         Options Indexes FollowSymLinks
#vhssprod         AllowOverride All
#vhssprod         Require all granted
#vhssprod     </Directory>
#vhssprod 
#vhssprod     ErrorLog \${APACHE_LOG_DIR}/error.log
#vhssprod     CustomLog \${APACHE_LOG_DIR}/access.log combined
#vhssprod </VirtualHost>


#sngx ========== ss-ssl nginx (hors reverse proxy)
#sngxserver {
#sngx    listen 443 ssl;
#sngx    server_name monsite.local;
#sngx
#sngx    ssl_certificate /etc/ssl/certs/selfsigned.crt;
#sngx    ssl_certificate_key /etc/ssl/private/selfsigned.key;
#sngx
#sngx    location / {
#sngx        proxy_pass http://127.0.0.1:8080;
#sngx    }
#sngx}


#ssrvpx ========== sssslrvpx (Avant serveur prod)
#ssrvpx server {
#ssrvpx     listen 80;
#ssrvpx     server_rp.test.fv;
#ssrvpx     # Redirection HTTP -> HTTPS
#ssrvpx     return 301 https://$host$request_uri;
#ssrvpx }
#ssrvpx server {
#ssrvpx     listen 443 ssl;
#ssrvpx     server_rp.test.fv;
#ssrvpx     ssl_certificate /etc/ssl/certs/nginx-selfsigned.crt;
#ssrvpx     ssl_certificate_key /etc/ssl/private/nginx-selfsigned.key;
#ssrvpx # Activer selon Diffie-Hellman précédent ou pas?
#ssrvpx #    ssl_dhparam /etc/ssl/certs/dhparam.pem;
#ssrvpx     ssl_protocols TLSv1.2 TLSv1.3;
#ssrvpx     ssl_ciphers HIGH:!aNULL:!MD5;
#ssrvpx     ssl_prefer_server_ciphers on;
#ssrvpx     # Reverse proxy vers Apache
#ssrvpx     location / {
#ssrvpx         proxy_pass http://192.168.80.139:80;
#ssrvpx         proxy_set_header Host $host;
#ssrvpx         proxy_set_header X-Real-IP $remote_addr;
#ssrvpx         proxy_set_header X-Forwarded-For $proxy_add_x_forwarded_for;
#ssrvpx         proxy_set_header X-Forwarded-Proto $scheme;
#ssrvpx     }
#ssrvpx }

#isrvpx ========== ipsecrvpx
#isrvpx config setup
#isrvpx   charondebug="ike 2, knl 2, cfg 2"
#isrvpx
#isrvpx conn nginx-to-apache
#isrvpx   left=192.168.80.102
#isrvpx   leftid=@nginx
#isrvpx   leftsubnet=192.168.80.102/32
#isrvpx   right=192.168.80.139
#isrvpx   rightid=@apache
#isrvpx   rightsubnet=192.168.80.139/32
#isrvpx   auto=start
#isrvpx   authby=secret
#isrvpx   ike=aes256-sha256-modp1024
#isrvpx   esp=aes256-sha256

#isprod ========== ipsecprod
#isprod config setup
#isprod   charondebug="ike 2, knl 2, cfg 2"
#isprod #
#isprod conn nginx-to-apache
#isprod   left=192.168.80.139
#isprod   leftid=@apache
#isprod   leftsubnet=192.168.80.139/32
#isprod   right=192.168.80.102
#isprod   rightid=@nginx
#isprod   rightsubnet=192.168.80.102/32
#isprod   auto=start
#isprod   authby=secret
#isprod   ike=aes256-sha256-modp1024
#isprod   esp=aes256-sha256

#sos ========== soscmd
#sos lsb_release -a
#sos cat /etc/os-release
#sos echo $PATH
#sos cat /etc/passwd
#sos cat /etc/passwd | wc -l
#sos awk -F':' '{ print $1}' /etc/passwd
#sos getent passwd
#sos grep -E '^UID_MIN|^UID_MAX' /etc/login.defs
#sos ---------- Windows
#sos cd C:\Users\POURRET\Documents
#sos scp sc22inst.sh repere.lst stage@192.168.80.139:/home/stage
#sos notepad C:\Windows\System32\drivers\etc\hosts
#sos notepad C:\\Users\\POURRET\.ssh\known_hosts